// Jest Snapshot v1, https://goo.gl/fbAQLP

exports[`Testing ExpandingCard component It should be properly rendered in expanded form: 1 1`] = `
<DocumentFragment>
  <div
    class="my-expanding-card"
    style="width: 500px;"
  >
    <div
      class="card my-expanded"
    >
      <div
        class="row no-gutters"
      >
        <div
          class="col-md-4"
        >
          test image
        </div>
        <div
          class="col-md-8"
        >
          <div
            class="card-body"
          >
            <h5
              class="card-title"
            >
              test title
            </h5>
            test body
          </div>
        </div>
      </div>
    </div>
    <div
      class="my-expanded-body"
    >
      expanded body
    </div>
  </div>
</DocumentFragment>
`;
