// Jest Snapshot v1, https://goo.gl/fbAQLP

exports[`Testing Card component It should be properly rendered 1`] = `
<DocumentFragment>
  <div
    class="card mb-3 my-card"
    style="margin: 0px auto; width: 500px;"
  >
    <div
      class="row no-gutters"
    >
      <div
        class="col-md-4"
      >
        test image
      </div>
      <div
        class="col-md-8"
      >
        <div
          class="card-body"
        >
          <h5
            class="card-title"
          >
            test title
          </h5>
          test body
        </div>
      </div>
    </div>
  </div>
</DocumentFragment>
`;
