// Jest Snapshot v1, https://goo.gl/fbAQLP

exports[`Testing Cart component It should be properly rendered 1`] = `
<DocumentFragment>
  <div
    class="my-cart bg-light"
  >
    <h3>
      Total: 666
    </h3>
    <div
      class="card mb-3 my-card"
      style="margin: 0px auto; width: 400px;"
    >
      <div
        class="row no-gutters"
      >
        <div
          class="col-md-4"
        >
          <img
            alt="..."
            class="card-img"
            src="/uploads/path/1"
          />
        </div>
        <div
          class="col-md-8"
        >
          <div
            class="card-body"
          >
            <h5
              class="card-title"
            >
              prodcut name 1
            </h5>
            <div>
              <button
                class="btn btn-dark"
                style="margin-right: 20px;"
              >
                Remove
              </button>
              <span>
                600 $
              </span>
            </div>
          </div>
        </div>
      </div>
    </div>
    <div
      class="card mb-3 my-card"
      style="margin: 0px auto; width: 400px;"
    >
      <div
        class="row no-gutters"
      >
        <div
          class="col-md-4"
        >
          <img
            alt="..."
            class="card-img"
            src="/uploads/path/1"
          />
        </div>
        <div
          class="col-md-8"
        >
          <div
            class="card-body"
          >
            <h5
              class="card-title"
            >
              prodcut name 2
            </h5>
            <div>
              <button
                class="btn btn-dark"
                style="margin-right: 20px;"
              >
                Remove
              </button>
              <span>
                66 $
              </span>
            </div>
          </div>
        </div>
      </div>
    </div>
    <div
      style="margin-bottom: 20px;"
    >
      <button
        class="btn btn-dark"
        style="margin-right: 20px;"
      >
        Buy
      </button>
      <button
        class="btn btn-dark"
        style="margin-right: 20px;"
      >
        Clear cart
      </button>
    </div>
  </div>
</DocumentFragment>
`;
